[2026-05-23 19:02:18] content-ingest 시작
2026-05-23 19:02:20 [info     ] cwi.ingest.complete            duplicate=0 error=0 fetched=0 new=0
CWI ingest 완료: fetched=0 new=0 duplicate=0 error=0
[2026-05-23 19:02:20] content-ingest 종료
[2026-05-24 03:00:05] content-ingest 시작
2026-05-24 03:00:08 [info     ] cwi.index.unchanged
CWI ingest 완료: fetched=0 new=0 duplicate=0 error=0
[2026-05-24 03:00:08] content-ingest 종료
[2026-05-25 21:28:35] content-ingest 시작
2026-05-25 21:28:37 [info     ] cwi.index.unchanged
CWI ingest 완료: fetched=0 new=0 duplicate=0 error=0
[2026-05-25 21:28:37] content-ingest 종료
[2026-05-27 21:41:43] content-ingest 시작
2026-05-27 21:41:45 [info     ] cwi.index.unchanged
CWI ingest 완료: fetched=0 new=0 duplicate=0 error=0
[2026-05-27 21:41:45] content-ingest 종료
[2026-05-31 03:00:05] content-ingest 시작
2026-05-31 03:00:08 [info     ] cwi.index.unchanged
CWI ingest 완료: fetched=0 new=0 duplicate=0 error=0
[2026-05-31 03:00:08] content-ingest 종료
[2026-06-06 12:47:20] content-ingest 시작
2026-06-06 12:47:22 [info     ] cwi.index.unchanged
CWI ingest 완료: fetched=0 new=0 duplicate=0 error=0
[2026-06-06 12:47:22] content-ingest 종료
[2026-06-06 15:42:33] content-ingest 시작
2026-06-06 15:44:09 [info     ] cwi.ingest.capped              cap=200
2026-06-06 15:44:09 [info     ] cwi.ingest.complete            duplicate=0 error=0 fetched=200 new=200
CWI ingest 완료: fetched=200 new=200 duplicate=0 error=0
[2026-06-06 15:44:09] content-ingest 종료
[2026-06-07 03:00:05] content-ingest 시작
2026-06-07 03:02:53 [info     ] cwi.ingest.capped              cap=200
2026-06-07 03:02:53 [info     ] cwi.ingest.complete            duplicate=238 error=0 fetched=438 new=200
CWI ingest 완료: fetched=438 new=200 duplicate=238 error=0
[2026-06-07 03:02:53] content-ingest 종료
[2026-06-07 09:18:39] content-ingest 시작
2026-06-07 09:22:05 [info     ] cwi.ingest.capped              cap=200
2026-06-07 09:22:05 [info     ] cwi.ingest.complete            duplicate=438 error=0 fetched=638 new=200
CWI ingest 완료: fetched=638 new=200 duplicate=438 error=0
[2026-06-07 09:22:05] content-ingest 종료
[2026-06-14 03:00:05] content-ingest 시작
2026-06-14 03:04:24 [info     ] cwi.ingest.capped              cap=200
2026-06-14 03:04:24 [info     ] cwi.ingest.complete            duplicate=638 error=0 fetched=838 new=200
CWI ingest 완료: fetched=838 new=200 duplicate=638 error=0
[2026-06-14 03:04:25] content-ingest 종료
[2026-06-21 03:00:01] content-ingest 시작
2026-06-21 03:05:11 [info     ] cwi.ingest.capped              cap=200
2026-06-21 03:05:11 [info     ] cwi.ingest.complete            duplicate=837 error=0 fetched=1037 new=200
CWI ingest 완료: fetched=1037 new=200 duplicate=837 error=0
[2026-06-21 03:05:12] content-ingest 종료
[2026-06-28 03:00:05] content-ingest 시작
2026-06-28 03:06:21 [info     ] cwi.ingest.capped              cap=200
2026-06-28 03:06:21 [info     ] cwi.ingest.complete            duplicate=1037 error=0 fetched=1237 new=200
CWI ingest 완료: fetched=1237 new=200 duplicate=1037 error=0
[2026-06-28 03:06:21] content-ingest 종료
[2026-07-05 03:00:04] content-ingest 시작
2026-07-05 03:07:16 [info     ] cwi.ingest.capped              cap=200
2026-07-05 03:07:16 [info     ] cwi.ingest.complete            duplicate=1237 error=0 fetched=1437 new=200
CWI ingest 완료: fetched=1437 new=200 duplicate=1237 error=0
[2026-07-05 03:07:16] content-ingest 종료
[2026-07-12 03:00:05] content-ingest 시작
2026-07-12 03:08:24 [info     ] cwi.ingest.capped              cap=200
2026-07-12 03:08:24 [info     ] cwi.ingest.complete            duplicate=1437 error=0 fetched=1637 new=200
CWI ingest 완료: fetched=1637 new=200 duplicate=1437 error=0
[2026-07-12 03:08:24] content-ingest 종료
[2026-07-19 03:00:05] content-ingest 시작
2026-07-19 03:10:00 [info     ] cwi.ingest.capped              cap=200
2026-07-19 03:10:00 [info     ] cwi.ingest.complete            duplicate=1637 error=0 fetched=1837 new=200
CWI ingest 완료: fetched=1837 new=200 duplicate=1637 error=0
[2026-07-19 03:10:00] content-ingest 종료
[2026-07-26 03:00:06] content-ingest 시작
2026-07-26 03:11:00 [info     ] cwi.ingest.capped              cap=200
2026-07-26 03:11:00 [info     ] cwi.ingest.complete            duplicate=1860 error=0 fetched=2060 new=200
CWI ingest 완료: fetched=2060 new=200 duplicate=1860 error=0
[2026-07-26 03:11:00] content-ingest 종료
[2026-08-02 03:00:05] content-ingest 시작
2026-08-02 03:12:00 [info     ] cwi.ingest.capped              cap=200
2026-08-02 03:12:00 [info     ] cwi.ingest.complete            duplicate=2060 error=0 fetched=2260 new=200
CWI ingest 완료: fetched=2260 new=200 duplicate=2060 error=0
[2026-08-02 03:12:00] content-ingest 종료
